试新的跨平台 PowerShell https://aka.ms/pscore6

PS C:\Users\Administrator> cd D:\Dev01_C++\vcpkg-master\downloads
PS D:\Dev01_C++\vcpkg-master\downloads> cd ..
PS D:\Dev01_C++\vcpkg-master> .\vcpkg install curl[http2]:x64-windows
Your feedback is important to improve Vcpkg! Please take 3 minutes to complete our survey by running: vcpkg contact --survey
The following packages will be built and installed:
    curl[core,http2,ssl,winssl]:x64-windows
  * nghttp2[core]:x64-windows
  * zlib[core]:x64-windows
Additional packages (*) will be modified to complete this operation.
Starting package 1/3: zlib:x64-windows
Building package zlib[core]:x64-windows...
A suitable version of powershell-core was not found (required v6.2.1). Downloading portable powershell-core v6.2.1...
Downloading powershell-core...
  https://github.com/PowerShell/PowerShell/releases/download/v6.2.1/PowerShell-6.2.1-win-x86.zip -> D:\Dev01_C++\vcpkg-master\downloads\PowerShell-6.2.1-win-x86.zip
PS D:\Dev01_C++\vcpkg-master> ^C
PS D:\Dev01_C++\vcpkg-master> .\vcpkg install curl[http2]:x64-windows
The following packages will be built and installed:
    curl[core,http2,ssl,winssl]:x64-windows
  * nghttp2[core]:x64-windows
  * zlib[core]:x64-windows
Additional packages (*) will be modified to complete this operation.
Starting package 1/3: zlib:x64-windows
Building package zlib[core]:x64-windows...
A suitable version of powershell-core was not found (required v6.2.1). Downloading portable powershell-core v6.2.1...
Extracting powershell-core...
A suitable version of 7zip was not found (required v18.1.0). Downloading portable 7zip v18.1.0...
Downloading 7zip...
  https://www.nuget.org/api/v2/package/7-Zip.CommandLine/18.1.0 -> D:\Dev01_C++\vcpkg-master\downloads\7-zip.commandline.18.1.0.nupkg
WinHttpQueryDataAvailable() failed: 12002
PS D:\Dev01_C++\vcpkg-master> .\vcpkg install curl[http2]:x64-windows
The following packages will be built and installed:
    curl[core,http2,ssl,winssl]:x64-windows
  * nghttp2[core]:x64-windows
  * zlib[core]:x64-windows
Additional packages (*) will be modified to complete this operation.
Starting package 1/3: zlib:x64-windows
Building package zlib[core]:x64-windows...
A suitable version of powershell-core was not found (required v6.2.1). Downloading portable powershell-core v6.2.1...
Extracting powershell-core...
A suitable version of 7zip was not found (required v18.1.0). Downloading portable 7zip v18.1.0...
Downloading 7zip...
  https://www.nuget.org/api/v2/package/7-Zip.CommandLine/18.1.0 -> D:\Dev01_C++\vcpkg-master\downloads\7-zip.commandline.18.1.0.nupkg
Extracting 7zip...
A suitable version of nuget was not found (required v4.6.2). Downloading portable nuget v4.6.2...
Downloading nuget...
  https://dist.nuget.org/win-x86-commandline/v4.6.2/nuget.exe -> D:\Dev01_C++\vcpkg-master\downloads\nuget.exe
Failed to do post-extract rename-in-place.
fs.rename(D:\Dev01_C++\vcpkg-master\downloads\tools\powershell-core-6.2.1-windows.partial.12136, D:\Dev01_C++\vcpkg-master\downloads\tools\powershell-core-6.2.1-windows, operation not permitted)
PS D:\Dev01_C++\vcpkg-master>
PS D:\Dev01_C++\vcpkg-master>
PS D:\Dev01_C++\vcpkg-master>
PS D:\Dev01_C++\vcpkg-master>
PS D:\Dev01_C++\vcpkg-master>
PS D:\Dev01_C++\vcpkg-master>
PS D:\Dev01_C++\vcpkg-master>
PS D:\Dev01_C++\vcpkg-master>
PS D:\Dev01_C++\vcpkg-master> ^C
PS D:\Dev01_C++\vcpkg-master> ^C
PS D:\Dev01_C++\vcpkg-master> .\vcpkg install curl[http2]:x64-windows
The following packages will be built and installed:
    curl[core,http2,ssl,winssl]:x64-windows
  * nghttp2[core]:x64-windows
  * zlib[core]:x64-windows
Additional packages (*) will be modified to complete this operation.
Starting package 1/3: zlib:x64-windows
Building package zlib[core]:x64-windows...
A suitable version of powershell-core was not found (required v6.2.1). Downloading portable powershell-core v6.2.1...
Extracting powershell-core...
Warning: The following VS instances are excluded because the English language pack is unavailable.
    D:\Program Files\vs2017
Please install the English language pack.
Could not locate a complete toolset.
The following paths were examined:
    D:\Program Files\vs2017\VC\Auxiliary\Build\vcvarsall.bat
    D:\Program Files\vs2017\VC\Tools\MSVC\14.16.27023\bin\HostX86\x86\dumpbin.exe
PS D:\Dev01_C++\vcpkg-master> .\vcpkg install curl[http2]:x64-windows
The following packages will be built and installed:
    curl[core,http2,ssl,winssl]:x64-windows
  * nghttp2[core]:x64-windows
  * zlib[core]:x64-windows
Additional packages (*) will be modified to complete this operation.
Starting package 1/3: zlib:x64-windows
Building package zlib[core]:x64-windows...
-- Downloading http://www.zlib.net/zlib-1.2.11.tar.gz...
-- Extracting source D:/Dev01_C++/vcpkg-master/downloads/zlib1211.tar.gz
-- Applying patch cmake_dont_build_more_than_needed.patch
-- Using source at D:/Dev01_C++/vcpkg-master/buildtrees/zlib/src/1.2.11-f690224aeb
-- Configuring x64-windows
-- Building x64-windows-dbg
-- Building x64-windows-rel
-- Installing: D:/Dev01_C++/vcpkg-master/packages/zlib_x64-windows/share/zlib/copyright
-- Performing post-build validation
-- Performing post-build validation done
Building package zlib[core]:x64-windows... done
Installing package zlib[core]:x64-windows...
Installing package zlib[core]:x64-windows... done
Elapsed time for package zlib:x64-windows: 1.321 min
Starting package 2/3: nghttp2:x64-windows
Building package nghttp2[core]:x64-windows...
-- Downloading https://github.com/nghttp2/nghttp2/archive/v1.39.2.tar.gz...
-- Extracting source D:/Dev01_C++/vcpkg-master/downloads/nghttp2-nghttp2-v1.39.2.tar.gz
-- Using source at D:/Dev01_C++/vcpkg-master/buildtrees/nghttp2/src/v1.39.2-d44e9e13e6
-- Configuring x64-windows
-- Building x64-windows-dbg
-- Building x64-windows-rel
-- Installing: D:/Dev01_C++/vcpkg-master/packages/nghttp2_x64-windows/share/nghttp2/copyright
-- Performing post-build validation
-- Performing post-build validation done
Building package nghttp2[core]:x64-windows... done
Installing package nghttp2[core]:x64-windows...
Installing package nghttp2[core]:x64-windows... done
Elapsed time for package nghttp2:x64-windows: 2.541 min
Starting package 3/3: curl:x64-windows
Building package curl[core,http2,ssl,winssl]:x64-windows...
-- Downloading https://github.com/curl/curl/archive/curl-7_66_0.tar.gz...
-- Extracting source D:/Dev01_C++/vcpkg-master/downloads/curl-curl-curl-7_66_0.tar.gz
-- Applying patch 0001_cmake.patch
-- Applying patch 0002_fix_uwp.patch
-- Applying patch 0003_fix_libraries.patch
-- Applying patch 0004_nghttp2_staticlib.patch
-- Applying patch 0005_remove_imp_suffix.patch
-- Applying patch 0006_fix_tool_depends.patch
-- Applying patch 0007_disable_tool_export_curl_target.patch
-- Using source at D:/Dev01_C++/vcpkg-master/buildtrees/curl/src/url-7_66_0-905cf351d9
-- Configuring x64-windows
-- Building x64-windows-dbg
-- Building x64-windows-rel
-- Installing: D:/Dev01_C++/vcpkg-master/packages/curl_x64-windows/share/curl/copyright
-- Installing: D:/Dev01_C++/vcpkg-master/packages/curl_x64-windows/share/curl/vcpkg-cmake-wrapper.cmake
-- Performing post-build validation
-- Performing post-build validation done
Building package curl[core,http2,ssl,winssl]:x64-windows... done
Installing package curl[core,http2,ssl,winssl]:x64-windows...
Installing package curl[core,http2,ssl,winssl]:x64-windows... done
Elapsed time for package curl:x64-windows: 7.102 min

Total elapsed time: 10.96 min

The package curl:x64-windows provides CMake targets:

    find_package(CURL CONFIG REQUIRED)
    target_link_libraries(main PRIVATE CURL::libcurl)

PS D:\Dev01_C++\vcpkg-master> .\vcpkg install gumbo:x64-windows
Your feedback is important to improve Vcpkg! Please take 3 minutes to complete our survey by running: vcpkg contact --survey
The following packages will be built and installed:
    gumbo[core]:x64-windows
Starting package 1/1: gumbo:x64-windows
Building package gumbo[core]:x64-windows...
-- Note: gumbo only supports static library linkage. Building static library.
-- Downloading https://github.com/google/gumbo-parser/archive/v0.10.1.tar.gz...
^C
PS D:\Dev01_C++\vcpkg-master> ^C
PS D:\Dev01_C++\vcpkg-master> .\vcpkg install gumbo:x64-windows
The following packages will be built and installed:
    gumbo[core]:x64-windows
Starting package 1/1: gumbo:x64-windows
Building package gumbo[core]:x64-windows...
-- Note: gumbo only supports static library linkage. Building static library.
-- Downloading https://github.com/google/gumbo-parser/archive/v0.10.1.tar.gz...
-- Extracting source D:/Dev01_C++/vcpkg-master/downloads/google-gumbo-parser-v0.10.1.tar.gz
-- Using source at D:/Dev01_C++/vcpkg-master/buildtrees/gumbo/src/v0.10.1-5287c545e9
-- Configuring x64-windows
-- Building x64-windows-dbg
-- Building x64-windows-rel
-- Installing: D:/Dev01_C++/vcpkg-master/packages/gumbo_x64-windows/share/gumbo/copyright
-- Performing post-build validation
-- Performing post-build validation done
Building package gumbo[core]:x64-windows... done
Installing package gumbo[core]:x64-windows...
Installing package gumbo[core]:x64-windows... done
Elapsed time for package gumbo:x64-windows: 4.47 min

Total elapsed time: 4.47 min

PS D:\Dev01_C++\vcpkg-master>
PS D:\Dev01_C++\vcpkg-master>


PS D:\Dev01_C++\vcpkg-master>
PS D:\Dev01_C++\vcpkg-master>
PS D:\Dev01_C++\vcpkg-master>
PS D:\Dev01_C++\vcpkg-master> .\vcpkg integrate install
Applied user-wide integration for this vcpkg root.

All MSBuild C++ projects can now #include any installed libraries.
Linking will be handled automatically.
Installing new libraries will make them instantly available.

CMake projects should use: "-DCMAKE_TOOLCHAIN_FILE=D:/Dev01_C++/vcpkg-master/scripts/buildsystems/vcpkg.cmake"
PS D:\Dev01_C++\vcpkg-master>
PS D:\Dev01_C++\vcpkg-master>
